[201.206s][info][gc,phases] GC(0) Pause Mark Start 1.279ms
[201.211s][info][gc,phases] GC(0) Concurrent Mark 5.216ms
[201.212s][info][gc,phases] GC(0) Pause Mark End 0.695ms
[201.212s][info][gc,phases] GC(0) Concurrent Process Non-Strong References 0.258ms
[201.212s][info][gc,phases] GC(0) Concurrent Reset Relocation Set 0.001ms
[201.212s][info][gc,phases] GC(0) Concurrent Destroy Detached Pages 0.001ms
[201.216s][info][gc,phases] GC(0) Concurrent Select Relocation Set 3.822ms
[201.217s][info][gc,phases] GC(0) Concurrent Prepare Relocation Set 0.865ms
[201.218s][info][gc,phases] GC(0) Pause Relocate Start 0.679ms
[201.221s][info][gc,phases] GC(0) Concurrent Relocate 2.846ms